C:/Users/bachirin/OneDrive - STMicroelectronics/Desktop/stm32ai-modelzoo-main (2)/stm32ai-modelzoo-main/hand_posture/getting_started/Drivers/BSP/Components/VL53L5CX/vl53l5cx_plugin_detection_thresholds.c:21:9:vl53l5cx_get_detection_thresholds_enable	24	static
C:/Users/bachirin/OneDrive - STMicroelectronics/Desktop/stm32ai-modelzoo-main (2)/stm32ai-modelzoo-main/hand_posture/getting_started/Drivers/BSP/Components/VL53L5CX/vl53l5cx_plugin_detection_thresholds.c:34:9:vl53l5cx_set_detection_thresholds_enable	40	static
C:/Users/bachirin/OneDrive - STMicroelectronics/Desktop/stm32ai-modelzoo-main (2)/stm32ai-modelzoo-main/hand_posture/getting_started/Drivers/BSP/Components/VL53L5CX/vl53l5cx_plugin_detection_thresholds.c:65:9:vl53l5cx_get_detection_thresholds	24	static
C:/Users/bachirin/OneDrive - STMicroelectronics/Desktop/stm32ai-modelzoo-main (2)/stm32ai-modelzoo-main/hand_posture/getting_started/Drivers/BSP/Components/VL53L5CX/vl53l5cx_plugin_detection_thresholds.c:113:9:vl53l5cx_set_detection_thresholds	32	static
